MPLINK 4.49, Linker
Linker Map File - Created Thu Nov 24 15:26:08 2022

                                 Section Info
                  Section       Type    Address   Location Size(Bytes)
                ---------  ---------  ---------  ---------  ---------
                   .org_0       code   0x000000    program   0x000002
                   .cinit    romdata   0x000001    program   0x000004
                   .org_1       code   0x000004    program   0x000062
      .config_2007_LAB8.O       code   0x002007    program   0x000002



                              Program Memory Usage 
                               Start         End      
                           ---------   ---------      
                            0x000000    0x000002      
                            0x000004    0x000034      
                            0x002007    0x002007      
            53 out of 1094 program addresses used, program memory utilization is 4%



                              Symbols - Sorted by Name
                     Name    Address   Location    Storage File                     
                ---------  ---------  ---------  --------- ---------                
                  Ciklas1   0x00002a    program     static C:\Users\Augustinas\Documents\lab_baselines\lab8.asm
                  Ciklas2   0x000030    program     static C:\Users\Augustinas\Documents\lab_baselines\lab8.asm
          Pagrindineprogr   0x000013    program     static C:\Users\Augustinas\Documents\lab_baselines\lab8.asm
                    Start   0x000028    program     static C:\Users\Augustinas\Documents\lab_baselines\lab8.asm
                      Ten   0x00000d    program     static C:\Users\Augustinas\Documents\lab_baselines\lab8.asm



                              Symbols - Sorted by Address
                     Name    Address   Location    Storage File                     
                ---------  ---------  ---------  --------- ---------                
                      Ten   0x00000d    program     static C:\Users\Augustinas\Documents\lab_baselines\lab8.asm
          Pagrindineprogr   0x000013    program     static C:\Users\Augustinas\Documents\lab_baselines\lab8.asm
                    Start   0x000028    program     static C:\Users\Augustinas\Documents\lab_baselines\lab8.asm
                  Ciklas1   0x00002a    program     static C:\Users\Augustinas\Documents\lab_baselines\lab8.asm
                  Ciklas2   0x000030    program     static C:\Users\Augustinas\Documents\lab_baselines\lab8.asm


