MPASM  5.51                          LAB5.ASM   11-17-2022  14:24:18         PAGE  1


LOC  OBJECT CODE     LINE SOURCE TEXT
  VALUE

                      00001 ;*********Zemo daznio impulsinio signalo generatorius ********
                      00002 ;**********************V. Pavarde************************
                      00003 ; Mikrovaldiklis PIC16F84A
                      00004 ; Kvarcinio rezonatoriaus daznis 4 MHz
                      00005 ;********************************************************
                      00006 
                      00007 #define PUNKTAS 12
                      00008 
                      00009 #define PUNKTAS_15 PUNKTAS == 15
                      00010 #define PUNKTAS_18 PUNKTAS == 18
                      00011 #define PUNKTAS_20 PUNKTAS == 20
                      00012 #define PUNKTAS_22 PUNKTAS == 22
                      00013 #define PUNKTAS_23 PUNKTAS == 23
                      00014 
                      00015 ;********************************************************
                      00016         LIST p=16F84            ;nustatomas MV tipas
                      00017         #INCLUDE <p16F84a.inc> ;iskviecama rinkmena,
                      00001         LIST
                      00002 
                      00003 ;==========================================================================
                      00004 ;  MPASM PIC16F84A processor include
                      00005 ; 
                      00006 ;  (c) Copyright 1999-2013 Microchip Technology, All rights reserved
                      00007 ;==========================================================================
                      00008 
                      00208         LIST
                      00018                                                 ;aprasanti specifinius MV
                      00019                                                 ;kintamuosius
2007   3FF1           00020         __CONFIG _XT_OSC & _WDT_OFF & _PWRTE_ON & _CP_OFF                       ;suteikiama reikiama
                      00021                                                 ;konfiguracija MV
                      00022 ;******************************************************** 
                      00023 
                      00024 
                      00025 ;******************** Kintamieji **********************
  0000000D            00026 Kint1 EQU 0Dh ;registra 0Dh pavadinti Kint1
  0000000E            00027 Kint2 EQU 0Eh ;registra 0Eh pavadinti Kint2
                      00028 ;********************************************************
                      00029 
                      00030                 ORG 0x000               ;nurodomas pradinis programos adresas 
                      00031 
0000   0185           00032                 clrf PORTA              ;isvalyti PORTA registra
0001   0186           00033                 clrf PORTB              ;isvalyti PORTB registra
                      00034 
0002   1683           00035                 bsf STATUS, 5   ;pereiti i 1 banka
                      00036 
0003   3000           00037                 movlw b'00000000' ;irasyti i W registra
                      00038                                                 ;dvejetaini skaicu,
                      00039                                                 ;pateikta tarp kabucu
Message[302]: Register in operand not in bank 0.  Ensure that bank bits are correct.
0004   0086           00040                 movwf TRISB     ;perkelti W registro turini i
                      00041                                                 ;TRISB registra
0005   1283           00042                 bcf STATUS, 5   ;pereiti i 0 banka
                      00043                 
MPASM  5.51                          LAB5.ASM   11-17-2022  14:24:18         PAGE  2


LOC  OBJECT CODE     LINE SOURCE TEXT
  VALUE

                      00044 #if !PUNKTAS_23
                      00045         Start   movlw b'11100000' ;irasyti i W registra
                      00046                                                         ;dvejetaini skaicu,
                      00047                                                         ;pateikta tarp kabucu
                      00048                         movwf PORTB     ;perkelti W registro turini i
                      00049                                                         ;PORTB registra
                      00050 
                      00051                         call Velinimas  ;iskviesti paprograma Velinimas
                      00052 
                      00053         #if PUNKTAS_15 != 0
                      00054                         swapf PORTB, 1
                      00055         #else #if PUNKTAS_18 != 0
                      00056                         movlw b'00111111' ;įrašyti į W registrą
                      00057                                                         ;dvejetainį skaičių,
                      00058                                                         ;pateiktą tarp kabučių
                      00059                         andwf PORTB, 1  ;atlikti loginę IR operaciją tarp skaičių,
                      00060                                                         ;esančių W registre ir PORTB registre
                      00061         #else #if PUNKTAS_20
                      00062                         andlw b‘10000000‘ ;atlikti loginę IR operaciją
                      00063                                                         ;tarp pateikto skaičiaus ir
                      00064                                                         ;skaičiaus, esančio W registre
                      00065                         movwf PORTB     ;perkelti W registro turinį
                      00066                                                         ;į PORTB registrą
                      00067         #else #if PUNKTAS_22
                      00068                         xorlw b'10010101'
                      00069                         movwf PORTB
                      00070         #else
                      00071                                                         ;Pradine uzduotis
                      00072                         comf PORTB, 1   ;invertuoti PORTB registro turini
                      00073         #endif
                      00074 
                      00075                         call Velinimas  ;iskviesti paprograma Velinimas
                      00076                         goto Start              ;pereiti i programos eiluta, pazymeta
                      00077                                                         ;zyme Start
                      00078 #else
Warning[207]: Found label after column 1. (Start)
0006   3001           00079         Start   movlw b'00000001' ;įrašyti į W registrą
                      00080                                                         ;dvejetainį skaičių,
                      00081                                                         ;pateiktą tarp kabučių
0007   0086           00082                         movwf PORTB     ;perkelti W registro turinį į
                      00083                                                         ;PORTB registrą
0008   2???           00084                         call Velinimas  ;iškviesti paprogramę
                      00085                                                         ;Velinimas
0009   0D86           00086                         rlf PORTB,1     ;atlikti skaičiaus, esančio
                      00087                                                         ;registre PORTB,
                      00088                                                         ;rotaciją į kairę
000A   2???           00089                         call Velinimas
000B   0D86           00090                         rlf PORTB,1
000C   2???           00091                         call Velinimas
000D   0D86           00092                         rlf PORTB,1
000E   2???           00093                         call Velinimas
000F   0D86           00094                         rlf PORTB,1
0010   2???           00095                         call Velinimas
MPASM  5.51                          LAB5.ASM   11-17-2022  14:24:18         PAGE  3


LOC  OBJECT CODE     LINE SOURCE TEXT
  VALUE

0011   0D86           00096                         rlf PORTB,1
0012   2???           00097                         call Velinimas
0013   0D86           00098                         rlf PORTB,1
0014   2???           00099                         call Velinimas
0015   0D86           00100                         rlf PORTB,1
0016   2???           00101                         call Velinimas
0017   2???           00102                         goto Start              ;pereiti į programos eilutę,
                      00103                                                         ;pažymėtą žyme Start 
                      00104 #endif
                      00105 
                      00106 ;*************************Paprograme********************
0018                  00107 Velinimas
0018   0B8D           00108 Ciklas  decfsz Kint1, 1 ;atimti vieneta is kintamojo
                      00109                                                 ;Kint1 ir, kai jis bus
                      00110                                                 ;lygus nuliui, persokti
                      00111                                                 ;komanda goto Ciklas
0019   2???           00112                 goto Ciklas     ;pereiti i paprogrames eiluta,
                      00113                                                 ;pazymeta zyme Ciklas
001A   0B8E           00114                 decfsz Kint2, 1 ;atimti vieneta is kintamojo
                      00115                                                 ;Kint2 ir, kai jis bus
                      00116                                                 ;lygus nuliui, persokti
                      00117                                                 ;komanda goto Ciklas
001B   2???           00118                 goto Ciklas     ;pereiti i paprogrames eiluta,
                      00119                                                 ;pazymeta zyme Ciklas
001C   0008           00120                 return                  ;grizti i pagrindina programa
                      00121 ;******************************************************** 
                      00122 
                      00123 
3FF1                  00124         END ;programos pabaiga 
MPASM  5.51                          LAB5.ASM   11-17-2022  14:24:18         PAGE  4


SYMBOL TABLE
  LABEL                             VALUE 

C                                 00000000
Ciklas                            00000018
DC                                00000001
EEADR                             00000009
EECON1                            00000088
EECON2                            00000089
EEDATA                            00000008
EEIE                              00000006
EEIF                              00000004
F                                 00000001
FSR                               00000004
GIE                               00000007
INDF                              00000000
INTCON                            0000000B
INTE                              00000004
INTEDG                            00000006
INTF                              00000001
IRP                               00000007
Kint1                             0000000D
Kint2                             0000000E
NOT_PD                            00000003
NOT_RBPU                          00000007
NOT_TO                            00000004
OPTION_REG                        00000081
PCL                               00000002
PCLATH                            0000000A
PORTA                             00000005
PORTB                             00000006
PS0                               00000000
PS1                               00000001
PS2                               00000002
PSA                               00000003
PUNKTAS                           12
PUNKTAS_15                        PUNKTAS == 15
PUNKTAS_18                        PUNKTAS == 18
PUNKTAS_20                        PUNKTAS == 20
PUNKTAS_22                        PUNKTAS == 22
PUNKTAS_23                        PUNKTAS == 23
RA0                               00000000
RA1                               00000001
RA2                               00000002
RA3                               00000003
RA4                               00000004
RB0                               00000000
RB1                               00000001
RB2                               00000002
RB3                               00000003
RB4                               00000004
RB5                               00000005
RB6                               00000006
RB7                               00000007
RBIE                              00000003
RBIF                              00000000
MPASM  5.51                          LAB5.ASM   11-17-2022  14:24:18         PAGE  5


SYMBOL TABLE
  LABEL                             VALUE 

RD                                00000000
RP0                               00000005
RP1                               00000006
STATUS                            00000003
Start                             00000006
T0CS                              00000005
T0IE                              00000005
T0IF                              00000002
T0SE                              00000004
TMR0                              00000001
TMR0IE                            00000005
TMR0IF                            00000002
TRISA                             00000085
TRISA0                            00000000
TRISA1                            00000001
TRISA2                            00000002
TRISA3                            00000003
TRISA4                            00000004
TRISB                             00000086
TRISB0                            00000000
TRISB1                            00000001
TRISB2                            00000002
TRISB3                            00000003
TRISB4                            00000004
TRISB5                            00000005
TRISB6                            00000006
TRISB7                            00000007
Velinimas                         00000018
W                                 00000000
WR                                00000001
WREN                              00000002
WRERR                             00000003
Z                                 00000002
_CONFIG                           00002007
_CP_OFF                           00003FFF
_CP_ON                            0000000F
_DEVID1                           00002006
_FOSC_EXTRC                       00003FFF
_FOSC_HS                          00003FFE
_FOSC_LP                          00003FFC
_FOSC_XT                          00003FFD
_HS_OSC                           00003FFE
_IDLOC0                           00002000
_IDLOC1                           00002001
_IDLOC2                           00002002
_IDLOC3                           00002003
_LP_OSC                           00003FFC
_PWRTE_OFF                        00003FFF
_PWRTE_ON                         00003FF7
_RC_OSC                           00003FFF
_WDTE_OFF                         00003FFB
_WDTE_ON                          00003FFF
_WDT_OFF                          00003FFB
MPASM  5.51                          LAB5.ASM   11-17-2022  14:24:18         PAGE  6


SYMBOL TABLE
  LABEL                             VALUE 

_WDT_ON                           00003FFF
_XT_OSC                           00003FFD
__16F84A                          00000001
__DEBUG                           1

Errors   :     0
Warnings :     1 reported,     0 suppressed
Messages :     1 reported,     0 suppressed

